To honour the JVM settings for this build a single-use Daemon process will be forked. For more on this, please refer to https://docs.gradle.org/8.13/userguide/gradle_daemon.html#sec:disabling_the_daemon in the Gradle documentation.
Daemon will be stopped at the end of the build 
Exception while marshalling /home/toon/android-sdk/build-tools/35.0.0/package.xml. Probably the SDK is read-only
Observed package id 'build-tools;34.0.0' in inconsistent location '/home/toon/android-sdk/build-tools/35.0.0' (Expected '/home/toon/android-sdk/build-tools/34.0.0')
Observed package id 'build-tools;35.0.0' in inconsistent location '/home/toon/android-sdk/build-tools/35.0.0-2' (Expected '/home/toon/android-sdk/build-tools/35.0.0')
Observed package id 'platforms;android-35' in inconsistent location '/home/toon/android-sdk/platforms/android-36' (Expected '/home/toon/android-sdk/platforms/android-35')
Already observed package id 'platforms;android-35' in '/home/toon/android-sdk/platforms/android-35'. Skipping duplicate at '/home/toon/android-sdk/platforms/android-36'
Observed package id 'platforms;android-36' in inconsistent location '/home/toon/android-sdk/platforms/android-36-2' (Expected '/home/toon/android-sdk/platforms/android-36')
[=========                              ] 25%                                   > Task :app:clean
> Task :app:preBuild UP-TO-DATE
> Task :app:preDebugBuild UP-TO-DATE
> Task :app:mergeDebugNativeDebugMetadata NO-SOURCE
> Task :app:checkKotlinGradlePluginConfigurationErrors SKIPPED
> Task :app:generateDebugBuildConfig
> Task :app:checkDebugAarMetadata
> Task :app:processDebugNavigationResources
> Task :app:generateDebugResValues
> Task :app:compileDebugNavigationResources
> Task :app:mapDebugSourceSetPaths
> Task :app:generateDebugResources
> Task :app:packageDebugResources
> Task :app:createDebugCompatibleScreenManifests
> Task :app:extractDeepLinksDebug
> Task :app:parseDebugLocalResources
> Task :app:processDebugMainManifest
> Task :app:mergeDebugResources
> Task :app:processDebugManifest
> Task :app:javaPreCompileDebug
> Task :app:mergeDebugShaders
> Task :app:compileDebugShaders NO-SOURCE
> Task :app:generateDebugAssets UP-TO-DATE
> Task :app:mergeDebugAssets
> Task :app:compressDebugAssets
> Task :app:desugarDebugFileDependencies
> Task :app:mergeDebugJniLibFolders
> Task :app:checkDebugDuplicateClasses
> Task :app:mergeDebugNativeLibs
> Task :app:mergeLibDexDebug

> Task :app:stripDebugDebugSymbols
Unable to strip the following libraries, packaging them as they are: libandroidx.graphics.path.so. Run with --info option to learn more.

> Task :app:validateSigningDebug
> Task :app:writeDebugAppMetadata
> Task :app:writeDebugSigningConfigVersions
> Task :app:processDebugManifestForPackage
> Task :app:processDebugResources
> Task :app:mergeExtDexDebug
> Task :app:kaptGenerateStubsDebugKotlin
> Task :app:kaptDebugKotlin
> Task :app:compileDebugKotlin
w: file:///home/toon/workspace/BudgetShield-Clean/app/src/main/java/com/toonai/budgetshield/data/database/BudgetShieldDatabase.kt:63:34 The corresponding parameter in the supertype 'Migration' is named 'db'. This may cause problems when calling this function with named arguments.
w: file:///home/toon/workspace/BudgetShield-Clean/app/src/main/java/com/toonai/budgetshield/data/database/BudgetShieldDatabase.kt:123:34 The corresponding parameter in the supertype 'Migration' is named 'db'. This may cause problems when calling this function with named arguments.
w: file:///home/toon/workspace/BudgetShield-Clean/app/src/main/java/com/toonai/budgetshield/data/database/BudgetShieldDatabase.kt:149:34 The corresponding parameter in the supertype 'Migration' is named 'db'. This may cause problems when calling this function with named arguments.
w: file:///home/toon/workspace/BudgetShield-Clean/app/src/main/java/com/toonai/budgetshield/data/database/BudgetShieldDatabase.kt:248:18 'fun fallbackToDestructiveMigrationOnDowngrade(): RoomDatabase.Builder<BudgetShieldDatabase>' is deprecated. Replace by overloaded version with parameter to indicate if all tables should be dropped or not.
w: file:///home/toon/workspace/BudgetShield-Clean/app/src/main/java/com/toonai/budgetshield/data/database/DatabaseMigrations.kt:19:26 The corresponding parameter in the supertype 'Migration' is named 'db'. This may cause problems when calling this function with named arguments.
w: file:///home/toon/workspace/BudgetShield-Clean/app/src/main/java/com/toonai/budgetshield/theme/BudgetShieldTheme.kt:149:20 'var statusBarColor: Int' is deprecated. Deprecated in Java.
w: file:///home/toon/workspace/BudgetShield-Clean/app/src/main/java/com/toonai/budgetshield/theme/BudgetShieldTheme.kt:150:20 'var navigationBarColor: Int' is deprecated. Deprecated in Java.
w: file:///home/toon/workspace/BudgetShield-Clean/app/src/main/java/com/toonai/budgetshield/ui/screens/TransactionDetailsScreen.kt:323:25 Condition is always 'true'.
w: file:///home/toon/workspace/BudgetShield-Clean/app/src/main/java/com/toonai/budgetshield/ui/screens/TreasureScreen.kt:344:49 'fun quadraticBezierTo(x1: Float, y1: Float, x2: Float, y2: Float): Unit' is deprecated. Use quadraticTo() for consistency with cubicTo().
w: file:///home/toon/workspace/BudgetShield-Clean/app/src/main/java/com/toonai/budgetshield/ui/screens/TreasureScreen.kt:359:49 'fun quadraticBezierTo(x1: Float, y1: Float, x2: Float, y2: Float): Unit' is deprecated. Use quadraticTo() for consistency with cubicTo().
w: file:///home/toon/workspace/BudgetShield-Clean/app/src/main/java/com/toonai/budgetshield/ui/screens/TreasureScreen.kt:361:49 'fun quadraticBezierTo(x1: Float, y1: Float, x2: Float, y2: Float): Unit' is deprecated. Use quadraticTo() for consistency with cubicTo().
w: file:///home/toon/workspace/BudgetShield-Clean/app/src/main/java/com/toonai/budgetshield/ui/screens/TreasureScreen.kt:460:29 'fun quadraticBezierTo(x1: Float, y1: Float, x2: Float, y2: Float): Unit' is deprecated. Use quadraticTo() for consistency with cubicTo().
w: file:///home/toon/workspace/BudgetShield-Clean/app/src/main/java/com/toonai/budgetshield/ui/screens/TreasureScreen.kt:503:29 'fun quadraticBezierTo(x1: Float, y1: Float, x2: Float, y2: Float): Unit' is deprecated. Use quadraticTo() for consistency with cubicTo().
w: file:///home/toon/workspace/BudgetShield-Clean/app/src/main/java/com/toonai/budgetshield/ui/screens/TreasureScreen.kt:505:29 'fun quadraticBezierTo(x1: Float, y1: Float, x2: Float, y2: Float): Unit' is deprecated. Use quadraticTo() for consistency with cubicTo().

> Task :app:compileDebugJavaWithJavac
> Task :app:hiltAggregateDepsDebug
> Task :app:hiltJavaCompileDebug
> Task :app:processDebugJavaRes
> Task :app:transformDebugClassesWithAsm
> Task :app:mergeDebugJavaResource
> Task :app:dexBuilderDebug
> Task :app:mergeDebugGlobalSynthetics
> Task :app:mergeProjectDexDebug
> Task :app:packageDebug
> Task :app:createDebugApkListingFileRedirect
> Task :app:assembleDebug
w: Detected multiple Kotlin daemon sessions at 

BUILD SUCCESSFUL in 1m 31s
45 actionable tasks: 45 executed
