> Task :app:checkKotlinGradlePluginConfigurationErrors SKIPPED
> Task :app:preBuild UP-TO-DATE
> Task :app:preDebugBuild UP-TO-DATE
> Task :app:generateDebugBuildConfig UP-TO-DATE
> Task :app:checkDebugAarMetadata UP-TO-DATE
> Task :app:processDebugNavigationResources UP-TO-DATE
> Task :app:compileDebugNavigationResources UP-TO-DATE
> Task :app:generateDebugResValues UP-TO-DATE
> Task :app:mapDebugSourceSetPaths UP-TO-DATE
> Task :app:generateDebugResources UP-TO-DATE
> Task :app:mergeDebugResources UP-TO-DATE
> Task :app:packageDebugResources UP-TO-DATE
> Task :app:parseDebugLocalResources UP-TO-DATE
> Task :app:createDebugCompatibleScreenManifests UP-TO-DATE
> Task :app:extractDeepLinksDebug UP-TO-DATE
> Task :app:processDebugMainManifest UP-TO-DATE
> Task :app:processDebugManifest UP-TO-DATE
> Task :app:processDebugManifestForPackage UP-TO-DATE
> Task :app:processDebugResources UP-TO-DATE
> Task :app:kaptGenerateStubsDebugKotlin UP-TO-DATE
> Task :app:kaptDebugKotlin UP-TO-DATE
> Task :app:compileDebugKotlin UP-TO-DATE
> Task :app:javaPreCompileDebug UP-TO-DATE
> Task :app:compileDebugJavaWithJavac UP-TO-DATE
> Task :app:mergeDebugShaders UP-TO-DATE
> Task :app:compileDebugShaders NO-SOURCE
> Task :app:generateDebugAssets UP-TO-DATE
> Task :app:mergeDebugAssets UP-TO-DATE
> Task :app:compressDebugAssets UP-TO-DATE
> Task :app:desugarDebugFileDependencies UP-TO-DATE
> Task :app:hiltAggregateDepsDebug UP-TO-DATE
> Task :app:hiltJavaCompileDebug UP-TO-DATE
> Task :app:transformDebugClassesWithAsm UP-TO-DATE
> Task :app:dexBuilderDebug UP-TO-DATE
> Task :app:mergeDebugGlobalSynthetics UP-TO-DATE
> Task :app:processDebugJavaRes UP-TO-DATE
> Task :app:mergeDebugJavaResource UP-TO-DATE
> Task :app:checkDebugDuplicateClasses UP-TO-DATE
> Task :app:mergeExtDexDebug UP-TO-DATE
> Task :app:mergeLibDexDebug UP-TO-DATE
> Task :app:mergeProjectDexDebug UP-TO-DATE
> Task :app:mergeDebugJniLibFolders UP-TO-DATE
> Task :app:mergeDebugNativeLibs UP-TO-DATE
> Task :app:stripDebugDebugSymbols UP-TO-DATE
> Task :app:validateSigningDebug UP-TO-DATE
> Task :app:writeDebugAppMetadata UP-TO-DATE
> Task :app:writeDebugSigningConfigVersions UP-TO-DATE
> Task :app:packageDebug UP-TO-DATE
> Task :app:createDebugApkListingFileRedirect UP-TO-DATE
> Task :app:bundleDebugClassesToCompileJar UP-TO-DATE
> Task :app:preDebugAndroidTestBuild SKIPPED
> Task :app:processDebugAndroidTestManifest
> Task :app:generateDebugAndroidTestBuildConfig
> Task :app:checkDebugAndroidTestAarMetadata UP-TO-DATE
> Task :app:processDebugAndroidTestNavigationResources UP-TO-DATE
> Task :app:compileDebugAndroidTestNavigationResources UP-TO-DATE
> Task :app:generateDebugAndroidTestResValues UP-TO-DATE
> Task :app:mapDebugAndroidTestSourceSetPaths UP-TO-DATE
> Task :app:generateDebugAndroidTestResources UP-TO-DATE
> Task :app:mergeDebugAndroidTestResources UP-TO-DATE
> Task :app:javaPreCompileDebugAndroidTest UP-TO-DATE
> Task :app:mergeDebugAndroidTestShaders UP-TO-DATE
> Task :app:compileDebugAndroidTestShaders NO-SOURCE
> Task :app:generateDebugAndroidTestAssets UP-TO-DATE
> Task :app:mergeDebugAndroidTestAssets UP-TO-DATE
> Task :app:compressDebugAndroidTestAssets UP-TO-DATE
> Task :app:desugarDebugAndroidTestFileDependencies UP-TO-DATE
> Task :app:checkDebugAndroidTestDuplicateClasses UP-TO-DATE
> Task :app:mergeExtDexDebugAndroidTest UP-TO-DATE
> Task :app:mergeLibDexDebugAndroidTest UP-TO-DATE
> Task :app:mergeDebugAndroidTestJniLibFolders UP-TO-DATE
> Task :app:mergeDebugAndroidTestNativeLibs NO-SOURCE
> Task :app:stripDebugAndroidTestDebugSymbols NO-SOURCE
> Task :app:validateSigningDebugAndroidTest UP-TO-DATE
> Task :app:writeDebugAndroidTestSigningConfigVersions UP-TO-DATE
> Task :app:processDebugAndroidTestResources
> Task :app:kaptGenerateStubsDebugAndroidTestKotlin UP-TO-DATE
> Task :app:kaptDebugAndroidTestKotlin UP-TO-DATE
> Task :app:compileDebugAndroidTestKotlin UP-TO-DATE
> Task :app:compileDebugAndroidTestJavaWithJavac UP-TO-DATE
> Task :app:hiltAggregateDepsDebugAndroidTest UP-TO-DATE
> Task :app:hiltJavaCompileDebugAndroidTest NO-SOURCE
> Task :app:transformDebugAndroidTestClassesWithAsm UP-TO-DATE
> Task :app:dexBuilderDebugAndroidTest UP-TO-DATE
> Task :app:mergeDebugAndroidTestGlobalSynthetics UP-TO-DATE
> Task :app:processDebugAndroidTestJavaRes UP-TO-DATE
> Task :app:mergeDebugAndroidTestJavaResource UP-TO-DATE
> Task :app:mergeProjectDexDebugAndroidTest UP-TO-DATE
> Task :app:packageDebugAndroidTest
> Task :app:createDebugAndroidTestApkListingFileRedirect UP-TO-DATE

> Task :app:connectedDebugAndroidTest
Starting 23 tests on OpenClaw_API34(AVD) - 14

OpenClaw_API34(AVD) - 14 Tests 4/23 completed. (0 skipped) (0 failed)

> Task :app:connectedDebugAndroidTest

com.toonai.budgetshield.NavigationSmokeTest > completeSetupQuestNavigatesToHomeAndReplacesStack[OpenClaw_API34(AVD) - 14] [31mFAILED [0m
	java.lang.AssertionError: Failed: assertExists.
	Reason: Expected exactly '1' node but could not find any node that satisfies: (Text + InputText + EditableText contains 'Chapter 2: Your Payday' (ignoreCase: false))

OpenClaw_API34(AVD) - 14 Tests 9/23 completed. (0 skipped) (1 failed)
OpenClaw_API34(AVD) - 14 Tests 14/23 completed. (0 skipped) (1 failed)

> Task :app:connectedDebugAndroidTest

com.toonai.budgetshield.PersistentFooterTest > footerShowsAfterSetupCompletion[OpenClaw_API34(AVD) - 14] [31mFAILED [0m
	java.lang.AssertionError: Failed: assertExists.
	Reason: Expected exactly '1' node but could not find any node that satisfies: (Text + InputText + EditableText contains 'Chapter 2: Your Payday' (ignoreCase: false))

com.toonai.budgetshield.PersistentFooterTest > footerHiddenDuringSetupQuest[OpenClaw_API34(AVD) - 14] [31mFAILED [0m
	java.lang.AssertionError: Failed: assertExists.
	Reason: Expected exactly '1' node but could not find any node that satisfies: (Text + InputText + EditableText contains 'Setup Quest' (ignoreCase: false))

OpenClaw_API34(AVD) - 14 Tests 19/23 completed. (0 skipped) (3 failed)

> Task :app:connectedDebugAndroidTest

com.toonai.budgetshield.SetupQuestFlowTest > completedUserSeesHomeScreen[OpenClaw_API34(AVD) - 14] [31mFAILED [0m
	java.lang.AssertionError: Failed: assertExists.
	Reason: Expected exactly '1' node but could not find any node that satisfies: (Text + InputText + EditableText contains 'Today's Earnings' (ignoreCase: false))

com.toonai.budgetshield.SetupQuestFlowTest > draftResumeContinuesAtSavedChapter[OpenClaw_API34(AVD) - 14] [31mFAILED [0m
	java.lang.AssertionError: Failed: assertExists.
	Reason: Expected exactly '1' node but could not find any node that satisfies: (Text + InputText + EditableText contains 'Chapter 3 of 6' (ignoreCase: false))

com.toonai.budgetshield.SetupQuestFlowTest > endToEndPersistenceAfterCompleteSetup[OpenClaw_API34(AVD) - 14] [31mFAILED [0m
	java.lang.AssertionError: Failed: assertExists.
	Reason: Expected exactly '1' node but could not find any node that satisfies: (Text + InputText + EditableText contains 'Today's Earnings' (ignoreCase: false))
Tests on OpenClaw_API34(AVD) - 14 failed: There was 6 failure(s).

Finished 23 tests on OpenClaw_API34(AVD) - 14

> Task :app:connectedDebugAndroidTest FAILED

FAILURE: Build failed with an exception.

* What went wrong:
Execution failed for task ':app:connectedDebugAndroidTest'.
> There were failing tests. See the report at: file:///home/toon/.openclaw/workspace/BudgetShield_CLEAN/app/build/reports/androidTests/connected/debug/index.html

* Try:
> Run with --stacktrace option to get the stack trace.
> Run with --info or --debug option to get more log output.
> Run with --scan to get full insights.
> Get more help at https://help.gradle.org.

BUILD FAILED in 53s
80 actionable tasks: 5 executed, 75 up-to-date
